*$FROM LibraryEx
$EXTERN LoadFile, Inc, Map, MapAccum;


*$FROM R5FW-Parser-Defs
$EXTERN Builtins, TokName;


/**
  <Scan e.SourceFile> == t.Token*
  t.Pos ::= (s.Line s.Col e.FileName)
*/
$ENTRY Scan {
  '12321' s.var e.FileName1 "fdaf" (t.vart e.vare) = 'a' e.FileName;
/**  
  e.FileName2 = 'b' e.FileName;
  e.FileName4 =
    <DoScan (1 1 e.FileName) <SkipBOM <LoadFile e.FileName>>>;
*/
}
